=== TEST START tests/test_bridging.py::TestBridging::test_volume_works_in_standard_mode @ 2026-05-20T07:38:34.948771 ===
[07:38:34.949] [CRESNEXT] POST https://dm-nax-4zsp-00107fca06ff/Device/ZoneOutputs/Zones/Zone1/ZoneAudio/ body={"Device":{"ZoneOutputs":{"Zones":{"Zone1":{"ZoneAudio":{"Volume":800}}}}}}
[07:38:35.042] [CRESNEXT] RESP 200 POST statuses=0:OK
[07:38:35.042] [SETUP] start_sig_tone freq=1000Hz gain=-20dB
[07:38:35.042] [SSH] exec timeout=15s cmd=dsp tone 0 1000 -20
[07:38:36.314] [SSH] resp OK
[07:38:36.315] [SETUP] route_sig_to_output ch=0 gain=0dB
[07:38:36.315] [CRESNEXT] POST https://dm-nax-4zsp-00107fca06ff/Device/AvMatrixRouting/Routes/Zone1/ body={"Device":{"AvMatrixRouting":{"Routes":{"Zone1":{"AudioSource":"Input02"}}}}}
[07:38:36.394] [CRESNEXT] RESP 200 POST statuses=0:OK
[07:38:36.595] [CRESNEXT] POST https://dm-nax-4zsp-00107fca06ff/Device/AvMatrixRouting/Routes/Zone1/ body={"Device":{"AvMatrixRouting":{"Routes":{"Zone1":{"AudioSource":"Input01"}}}}}
[07:38:36.674] [CRESNEXT] RESP 200 POST statuses=0:OK
[07:38:37.175] [SSH] exec timeout=10s cmd=dsp mix 0 0 -200
[07:38:38.637] [SSH] resp OK
[07:38:38.638] [SSH] exec timeout=10s cmd=dsp mix 0 1 -200
[07:38:40.010] [SSH] resp OK
[07:38:40.010] [SSH] exec timeout=10s cmd=dsp mix 0 2 -200
[07:38:41.355] [SSH] resp OK
[07:38:41.356] [SSH] exec timeout=10s cmd=dsp mix 0 3 -200
[07:38:43.239] [SSH] resp OK
[07:38:43.240] [SSH] exec timeout=10s cmd=dsp mix 0 4 -200
[07:38:44.598] [SSH] resp OK
[07:38:44.598] [SSH] exec timeout=10s cmd=dsp mix 0 5 -200
[07:38:45.959] [SSH] resp OK
[07:38:45.960] [SSH] exec timeout=10s cmd=dsp mix 0 6 -200
[07:38:47.298] [SSH] resp OK
[07:38:47.298] [SSH] exec timeout=10s cmd=dsp mix 0 7 -200
[07:38:49.133] [SSH] resp OK
[07:38:49.134] [SSH] exec timeout=15s cmd=dsp mix 0 0 0
[07:38:50.488] [SSH] resp OK
[07:38:53.491] [SSH] exec timeout=15s cmd=dsp
[07:38:55.064] [SSH] resp lines=6
[07:38:57.790] [SSH] A1L=-20.1 | A1R=-341.3 | A2L=-341.3 | A2R=-341.3 | A3L=-341.3 | A3R=-341.3 | A4L=-341.3 | A4R=-341.3 | A5L=-inf | A5R=-inf | A6L=-inf | A6R=-inf | A7L=-inf | A7R=-inf | A8L=-inf | A8R=-inf
[07:38:57.790] [VALIDATE] check output level: output=A1L measured=-20.12dB
[07:38:57.790] [VALIDATE] check IsSignalDetected: zone=1 expected=True
[07:38:57.791] [CRESNEXT] GET https://dm-nax-4zsp-00107fca06ff/Device/ZoneOutputs/Zones/Zone1/
[07:38:57.850] [CRESNEXT] RESP 200 GET ok
[07:38:57.850] [VALIDATE] check IsSignalDetected: zone=1 actual=True expected=True result=PASS
[07:38:57.851] [CLEANUP] clear_sig_route output_ch=0
[07:38:57.851] [SSH] exec timeout=15s cmd=dsp mix 0 0 -200
[07:38:59.125] [SSH] resp OK
[07:38:59.126] [CLEANUP] stop_sig_tone
[07:38:59.126] [SSH] exec timeout=15s cmd=dsp tone 0 0 0
[07:39:00.860] [SSH] resp OK
[07:39:00.860] [SSH] exec timeout=10s cmd=dsp mix 0 0 -200
[07:39:02.175] [SSH] resp OK
[07:39:02.176] [SSH] exec timeout=10s cmd=dsp mix 0 1 -200
[07:39:03.523] [SSH] resp OK
[07:39:03.524] [SSH] exec timeout=10s cmd=dsp mix 0 2 -200
[07:39:04.877] [SSH] resp OK
[07:39:04.878] [SSH] exec timeout=10s cmd=dsp mix 0 3 -200
[07:39:06.435] [SSH] resp OK
[07:39:06.436] [SSH] exec timeout=10s cmd=dsp mix 0 4 -200
[07:39:08.000] [SSH] resp OK
[07:39:08.000] [SSH] exec timeout=10s cmd=dsp mix 0 5 -200
[07:39:09.298] [SSH] resp OK
[07:39:09.298] [SSH] exec timeout=10s cmd=dsp mix 0 6 -200
[07:39:10.647] [SSH] resp OK
[07:39:10.648] [SSH] exec timeout=10s cmd=dsp mix 0 7 -200
[07:39:12.005] [SSH] resp OK
=== TEST END tests/test_bridging.py::TestBridging::test_volume_works_in_standard_mode @ 2026-05-20T07:39:12.050000 ===
